// Jest Snapshot v1, https://goo.gl/fbAQLP

exports[`Edit Component renders without crashing 1`] = `
<fieldset
  className="accordion-block"
>
  <legend
    aria-hidden="true"
    onClick={[Function]}
  >
    Accordion
  </legend>
  <div
    className="accordion ui"
  >
    <div
      className="active title accordion-title align-arrow-left"
      onClick={[Function]}
    >
      <div>
        Icon
      </div>
      <div
        className="ui fluid transparent input input-accordion-title"
      >
        <input
          onChange={[Function]}
          onClick={[Function]}
          placeholder="Enter Title"
          type="text"
          value=""
        />
      </div>
    </div>
    <div
      aria-hidden={false}
      className="rah-static rah-static--height-auto"
      style={
        Object {
          "height": "auto",
          "overflow": "visible",
        }
      }
    >
      <div
        style={
          Object {
            "WebkitTransition": "opacity 500ms ease 0ms",
            "transition": "opacity 500ms ease 0ms",
          }
        }
      >
        <div
          className="content active"
        >
          <div>
            RenderBlocks
          </div>
        </div>
      </div>
    </div>
  </div>
  <div
    className="accordion ui"
  >
    <div
      className="title accordion-title align-arrow-left"
      onClick={[Function]}
    >
      <div>
        Icon
      </div>
      <div
        className="ui fluid transparent input input-accordion-title"
      >
        <input
          onChange={[Function]}
          onClick={[Function]}
          placeholder="Enter Title"
          type="text"
          value=""
        />
      </div>
    </div>
    <div
      aria-hidden={true}
      className="rah-static rah-static--height-zero"
      style={
        Object {
          "height": 0,
          "overflow": "hidden",
        }
      }
    >
      <div
        style={
          Object {
            "WebkitTransition": "opacity 500ms ease 0ms",
            "opacity": 0,
            "transition": "opacity 500ms ease 0ms",
          }
        }
      >
        <div
          className="content"
        >
          <div>
            RenderBlocks
          </div>
        </div>
      </div>
    </div>
  </div>
  <div
    className="accordion ui"
  >
    <div
      className="title accordion-title align-arrow-left"
      onClick={[Function]}
    >
      <div>
        Icon
      </div>
      <div
        className="ui fluid transparent input input-accordion-title"
      >
        <input
          onChange={[Function]}
          onClick={[Function]}
          placeholder="Enter Title"
          type="text"
          value=""
        />
      </div>
    </div>
    <div
      aria-hidden={true}
      className="rah-static rah-static--height-zero"
      style={
        Object {
          "height": 0,
          "overflow": "hidden",
        }
      }
    >
      <div
        style={
          Object {
            "WebkitTransition": "opacity 500ms ease 0ms",
            "opacity": 0,
            "transition": "opacity 500ms ease 0ms",
          }
        }
      >
        <div
          className="content"
        >
          <div>
            RenderBlocks
          </div>
        </div>
      </div>
    </div>
  </div>
  
  <div>
    SidebarPortal
  </div>
</fieldset>
`;
